Testing Resrobot API...
Key: d1adb079-6671-4598-a6b5-8b66a871b11b

Searching for 'Stockholm Central': https://api.resrobot.se/v2.1/location.name.json?input=Stockholm%20Central&maxNo=5&accessId=d1adb079-6671-4598-a6b5-8b66a871b11b&format=json
Search Status: 405
node : Error during te
st: TypeError: termina
ted
At line:1 char:1
+ node test-resrobot.j
s > test_output.txt 2>
&1
+ ~~~~~~~~~~~~~~~~~~~~
~~~~~~~~~~~~~~~~~~~~~~
~~
    + CategoryInfo    
          : NotSpeci  
  fied: (Error duri   
 ng test: TypeErro    
r: terminated:Str    i
ng) [], RemoteEx    ce
ption
    + FullyQualifiedE 
   rrorId : NativeCo  
  mmandError
 
    at Fetch.onAborted
 (node:internal/deps/u
ndici/undici:11132:53)
    at Fetch.emit (nod
e:events:518:28)
    at Fetch.terminate
 (node:internal/deps/u
ndici/undici:10290:14)
    at Object.onError 
(node:internal/deps/un
dici/undici:11253:38)
    at Request.onError
 (node:internal/deps/u
ndici/undici:2094:31)
    at Object.errorReq
uest (node:internal/de
ps/undici/undici:1591:
17)
    at TLSSocket.<anon
ymous> (node:internal/
deps/undici/undici:631
9:16)
    at TLSSocket.emit 
(node:events:530:35)
    at node:net:346:12
    at TCP.done (node:
_tls_wrap:650:7) {
  [cause]: SocketError
: other side closed
      at TLSSocket.<an
onymous> (node:interna
l/deps/undici/undici:6
294:28)
      at TLSSocket.emi
t (node:events:530:35)
      at endReadableNT
 (node:internal/stream
s/readable:1698:12)
      at process.proce
ssTicksAndRejections (
node:internal/process/
task_queues:90:21) {
    code: 'UND_ERR_SOC
KET',
    socket: {
      localAddress: '1
92.168.1.207',
      localPort: 49890
,
      remoteAddress: '
3.76.184.11',
      remotePort: 443,
      remoteFamily: 'I
Pv4',
      timeout: undefin
ed,
      bytesWritten: 28
9,
      bytesRead: 174
    }
  }
}
